mode: set
github.com/ONSdigital/blaise-cawi-portal/blaise/blaise.go:15.58,17.11 2 1
github.com/ONSdigital/blaise-cawi-portal/blaise/blaise.go:17.11,19.3 1 1
github.com/ONSdigital/blaise-cawi-portal/blaise/blaise.go:20.2,24.3 1 1
github.com/ONSdigital/blaise-cawi-portal/blaise/blaise.go:27.46,32.27 2 1
github.com/ONSdigital/blaise-cawi-portal/blaise/blaise.go:32.27,34.3 1 1
github.com/ONSdigital/blaise-cawi-portal/blaise/blaise.go:35.2,35.19 1 1
github.com/ONSdigital/blaise-cawi-portal/csrf/csrf.go:22.45,24.2 1 1
github.com/ONSdigital/blaise-cawi-portal/csrf/csrf.go:26.54,29.43 2 1
github.com/ONSdigital/blaise-cawi-portal/csrf/csrf.go:29.43,31.3 1 1
github.com/ONSdigital/blaise-cawi-portal/csrf/csrf.go:31.8,31.56 1 1
github.com/ONSdigital/blaise-cawi-portal/csrf/csrf.go:31.56,33.3 1 0
github.com/ONSdigital/blaise-cawi-portal/csrf/csrf.go:33.8,33.58 1 1
github.com/ONSdigital/blaise-cawi-portal/csrf/csrf.go:33.58,35.3 1 1
github.com/ONSdigital/blaise-cawi-portal/csrf/csrf.go:35.8,35.58 1 1
github.com/ONSdigital/blaise-cawi-portal/csrf/csrf.go:35.58,37.3 1 1
github.com/ONSdigital/blaise-cawi-portal/csrf/csrf.go:39.2,39.11 1 1
github.com/ONSdigital/blaise-cawi-portal/csrf/csrf.go:58.69,63.26 4 1
github.com/ONSdigital/blaise-cawi-portal/csrf/csrf.go:63.26,65.3 1 1
github.com/ONSdigital/blaise-cawi-portal/csrf/csrf.go:67.2,67.22 1 1
github.com/ONSdigital/blaise-cawi-portal/csrf/csrf.go:67.22,69.3 1 1
github.com/ONSdigital/blaise-cawi-portal/csrf/csrf.go:71.2,71.24 1 1
github.com/ONSdigital/blaise-cawi-portal/csrf/csrf.go:71.24,73.3 1 1
github.com/ONSdigital/blaise-cawi-portal/csrf/csrf.go:75.2,75.30 1 1
github.com/ONSdigital/blaise-cawi-portal/csrf/csrf.go:75.30,79.47 3 1
github.com/ONSdigital/blaise-cawi-portal/csrf/csrf.go:79.47,82.4 2 1
github.com/ONSdigital/blaise-cawi-portal/csrf/csrf.go:84.3,86.28 2 1
github.com/ONSdigital/blaise-cawi-portal/csrf/csrf.go:86.28,89.4 2 1
github.com/ONSdigital/blaise-cawi-portal/csrf/csrf.go:91.3,94.56 3 1
github.com/ONSdigital/blaise-cawi-portal/csrf/csrf.go:94.56,97.4 2 1
github.com/ONSdigital/blaise-cawi-portal/csrf/csrf.go:99.3,99.11 1 1
github.com/ONSdigital/blaise-cawi-portal/csrf/csrf.go:104.72,107.35 2 1
github.com/ONSdigital/blaise-cawi-portal/csrf/csrf.go:107.35,109.3 1 0
github.com/ONSdigital/blaise-cawi-portal/csrf/csrf.go:111.2,112.9 2 1
github.com/ONSdigital/blaise-cawi-portal/csrf/csrf.go:112.9,115.40 3 1
github.com/ONSdigital/blaise-cawi-portal/csrf/csrf.go:115.40,118.4 2 1
github.com/ONSdigital/blaise-cawi-portal/csrf/csrf.go:120.2,123.14 3 1
github.com/ONSdigital/blaise-cawi-portal/csrf/csrf.go:126.84,128.35 2 1
github.com/ONSdigital/blaise-cawi-portal/csrf/csrf.go:128.35,130.3 1 1
github.com/ONSdigital/blaise-cawi-portal/csrf/csrf.go:130.8,132.3 1 1
github.com/ONSdigital/blaise-cawi-portal/csrf/csrf.go:133.2,133.16 1 1
github.com/ONSdigital/blaise-cawi-portal/csrf/csrf.go:136.43,142.2 4 1
github.com/ONSdigital/blaise-cawi-portal/csrf/csrf.go:144.47,145.24 1 1
github.com/ONSdigital/blaise-cawi-portal/csrf/csrf.go:145.24,146.17 1 1
github.com/ONSdigital/blaise-cawi-portal/csrf/csrf.go:146.17,148.4 1 1
github.com/ONSdigital/blaise-cawi-portal/csrf/csrf.go:151.2,151.14 1 1
github.com/ONSdigital/blaise-cawi-portal/languagemanager/helpers.go:9.52,11.17 2 1
github.com/ONSdigital/blaise-cawi-portal/languagemanager/helpers.go:11.17,13.3 1 1
github.com/ONSdigital/blaise-cawi-portal/languagemanager/helpers.go:14.2,14.11 1 1
github.com/ONSdigital/blaise-cawi-portal/languagemanager/manager.go:21.46,22.27 1 0
github.com/ONSdigital/blaise-cawi-portal/languagemanager/manager.go:22.27,24.3 1 0
github.com/ONSdigital/blaise-cawi-portal/languagemanager/manager.go:25.2,25.16 1 0
github.com/ONSdigital/blaise-cawi-portal/languagemanager/manager.go:28.60,30.48 2 1
github.com/ONSdigital/blaise-cawi-portal/languagemanager/manager.go:31.12,32.17 1 1
github.com/ONSdigital/blaise-cawi-portal/languagemanager/manager.go:34.2,34.14 1 1
github.com/ONSdigital/blaise-cawi-portal/languagemanager/manager.go:37.68,41.16 4 1
github.com/ONSdigital/blaise-cawi-portal/languagemanager/manager.go:41.16,43.3 1 0
github.com/ONSdigital/blaise-cawi-portal/languagemanager/manager.go:46.91,47.30 1 1
github.com/ONSdigital/blaise-cawi-portal/languagemanager/manager.go:47.30,49.3 1 1
github.com/ONSdigital/blaise-cawi-portal/languagemanager/manager.go:50.2,50.23 1 1
github.com/ONSdigital/blaise-cawi-portal/utils/gin_helpers.go:11.44,16.39 5 1
github.com/ONSdigital/blaise-cawi-portal/utils/gin_helpers.go:16.39,17.26 1 1
github.com/ONSdigital/blaise-cawi-portal/utils/gin_helpers.go:17.26,19.4 1 1
github.com/ONSdigital/blaise-cawi-portal/utils/gin_helpers.go:20.3,20.11 1 1
github.com/ONSdigital/blaise-cawi-portal/utils/gin_helpers.go:24.57,31.49 5 1
github.com/ONSdigital/blaise-cawi-portal/utils/gin_helpers.go:31.49,34.3 2 1
github.com/ONSdigital/blaise-cawi-portal/utils/gin_helpers.go:36.2,36.22 1 1
github.com/ONSdigital/blaise-cawi-portal/main.go:20.13,22.15 2 0
github.com/ONSdigital/blaise-cawi-portal/main.go:22.15,24.3 1 0
github.com/ONSdigital/blaise-cawi-portal/main.go:26.2,27.19 2 0
github.com/ONSdigital/blaise-cawi-portal/main.go:27.19,29.3 1 0
github.com/ONSdigital/blaise-cawi-portal/main.go:32.59,33.34 1 1
github.com/ONSdigital/blaise-cawi-portal/main.go:33.34,36.3 2 1
github.com/ONSdigital/blaise-cawi-portal/main.go:38.2,38.10 1 1
github.com/ONSdigital/blaise-cawi-portal/main.go:41.41,47.2 4 1
github.com/ONSdigital/blaise-cawi-portal/main.go:49.39,51.16 2 0
github.com/ONSdigital/blaise-cawi-portal/main.go:51.16,53.3 1 0
github.com/ONSdigital/blaise-cawi-portal/main.go:55.2,60.22 2 0
github.com/ONSdigital/blaise-cawi-portal/main.go:63.18,65.16 2 1
github.com/ONSdigital/blaise-cawi-portal/main.go:65.16,67.3 1 1
github.com/ONSdigital/blaise-cawi-portal/main.go:69.2,71.16 3 0
github.com/ONSdigital/blaise-cawi-portal/main.go:71.16,73.3 1 0
github.com/ONSdigital/blaise-cawi-portal/main.go:74.2,74.15 1 0
github.com/ONSdigital/blaise-cawi-portal/main.go:74.15,76.3 1 0
github.com/ONSdigital/blaise-cawi-portal/main.go:78.2,87.12 5 0
github.com/ONSdigital/blaise-cawi-portal/main.go:87.12,88.94 1 0
github.com/ONSdigital/blaise-cawi-portal/main.go:88.94,90.4 1 0
github.com/ONSdigital/blaise-cawi-portal/main.go:91.3,91.15 1 0
github.com/ONSdigital/blaise-cawi-portal/main.go:94.2,94.9 1 0
github.com/ONSdigital/blaise-cawi-portal/main.go:95.21,96.17 1 0
github.com/ONSdigital/blaise-cawi-portal/main.go:96.17,98.4 1 0
github.com/ONSdigital/blaise-cawi-portal/main.go:99.20,104.58 4 0
github.com/ONSdigital/blaise-cawi-portal/main.go:104.58,106.4 1 0
github.com/ONSdigital/blaise-cawi-portal/main.go:108.3,108.32 1 0
github.com/ONSdigital/blaise-cawi-portal/main.go:108.32,110.4 1 0
github.com/ONSdigital/blaise-cawi-portal/main.go:113.2,113.12 1 0
github.com/ONSdigital/blaise-cawi-portal/busapi/bus_api.go:26.84,28.16 2 1
github.com/ONSdigital/blaise-cawi-portal/busapi/bus_api.go:28.16,30.3 1 1
github.com/ONSdigital/blaise-cawi-portal/busapi/bus_api.go:32.2,32.48 1 1
github.com/ONSdigital/blaise-cawi-portal/busapi/bus_api.go:32.48,34.3 1 1
github.com/ONSdigital/blaise-cawi-portal/busapi/bus_api.go:36.2,36.44 1 1
github.com/ONSdigital/blaise-cawi-portal/busapi/bus_api.go:39.52,43.2 1 1
github.com/ONSdigital/blaise-cawi-portal/busapi/bus_api.go:45.93,48.16 3 1
github.com/ONSdigital/blaise-cawi-portal/busapi/bus_api.go:48.16,50.3 1 0
github.com/ONSdigital/blaise-cawi-portal/busapi/bus_api.go:52.2,56.16 2 1
github.com/ONSdigital/blaise-cawi-portal/busapi/bus_api.go:56.16,58.3 1 1
github.com/ONSdigital/blaise-cawi-portal/busapi/bus_api.go:60.2,61.16 2 1
github.com/ONSdigital/blaise-cawi-portal/busapi/bus_api.go:61.16,63.3 1 0
github.com/ONSdigital/blaise-cawi-portal/busapi/bus_api.go:65.2,65.22 1 1
github.com/ONSdigital/blaise-cawi-portal/busapi/bus_api.go:68.84,72.16 3 1
github.com/ONSdigital/blaise-cawi-portal/busapi/bus_api.go:72.16,74.3 1 0
github.com/ONSdigital/blaise-cawi-portal/busapi/bus_api.go:76.2,78.16 3 1
github.com/ONSdigital/blaise-cawi-portal/busapi/bus_api.go:78.16,80.3 1 1
github.com/ONSdigital/blaise-cawi-portal/busapi/bus_api.go:81.2,81.21 1 1
github.com/ONSdigital/blaise-cawi-portal/busapi/uac_info.go:9.44,12.2 1 1
github.com/ONSdigital/blaise-cawi-portal/blaiserestapi/rest_api.go:33.90,34.59 1 1
github.com/ONSdigital/blaise-cawi-portal/blaiserestapi/rest_api.go:34.59,35.57 1 1
github.com/ONSdigital/blaise-cawi-portal/blaiserestapi/rest_api.go:35.57,37.4 1 1
github.com/ONSdigital/blaise-cawi-portal/blaiserestapi/rest_api.go:40.2,40.33 1 1
github.com/ONSdigital/blaise-cawi-portal/blaiserestapi/rest_api.go:50.58,51.33 1 1
github.com/ONSdigital/blaise-cawi-portal/blaiserestapi/rest_api.go:51.33,53.3 1 0
github.com/ONSdigital/blaise-cawi-portal/blaiserestapi/rest_api.go:54.2,54.16 1 1
github.com/ONSdigital/blaise-cawi-portal/blaiserestapi/rest_api.go:57.131,59.16 2 1
github.com/ONSdigital/blaise-cawi-portal/blaiserestapi/rest_api.go:59.16,65.3 2 1
github.com/ONSdigital/blaise-cawi-portal/blaiserestapi/rest_api.go:66.2,68.16 3 1
github.com/ONSdigital/blaise-cawi-portal/blaiserestapi/rest_api.go:68.16,74.3 2 1
github.com/ONSdigital/blaise-cawi-portal/blaiserestapi/rest_api.go:75.2,76.44 2 1
github.com/ONSdigital/blaise-cawi-portal/blaiserestapi/rest_api.go:76.44,81.3 2 1
github.com/ONSdigital/blaise-cawi-portal/blaiserestapi/rest_api.go:82.2,83.16 2 1
github.com/ONSdigital/blaise-cawi-portal/blaiserestapi/rest_api.go:83.16,89.3 2 0
github.com/ONSdigital/blaise-cawi-portal/blaiserestapi/rest_api.go:90.2,92.16 3 1
github.com/ONSdigital/blaise-cawi-portal/blaiserestapi/rest_api.go:92.16,99.3 2 1
github.com/ONSdigital/blaise-cawi-portal/blaiserestapi/rest_api.go:100.2,100.32 1 1
github.com/ONSdigital/blaise-cawi-portal/blaiserestapi/rest_api.go:103.89,110.2 1 1
github.com/ONSdigital/blaise-cawi-portal/authenticate/authenticate.go:67.40,68.24 1 1
github.com/ONSdigital/blaise-cawi-portal/authenticate/authenticate.go:68.24,70.3 1 1
github.com/ONSdigital/blaise-cawi-portal/authenticate/authenticate.go:71.2,71.16 1 1
github.com/ONSdigital/blaise-cawi-portal/authenticate/authenticate.go:74.62,78.52 3 1
github.com/ONSdigital/blaise-cawi-portal/authenticate/authenticate.go:78.52,81.3 2 1
github.com/ONSdigital/blaise-cawi-portal/authenticate/authenticate.go:83.2,84.16 2 1
github.com/ONSdigital/blaise-cawi-portal/authenticate/authenticate.go:84.16,88.3 3 1
github.com/ONSdigital/blaise-cawi-portal/authenticate/authenticate.go:89.2,89.16 1 1
github.com/ONSdigital/blaise-cawi-portal/authenticate/authenticate.go:92.71,96.21 3 1
github.com/ONSdigital/blaise-cawi-portal/authenticate/authenticate.go:96.21,98.3 1 0
github.com/ONSdigital/blaise-cawi-portal/authenticate/authenticate.go:100.2,101.32 2 1
github.com/ONSdigital/blaise-cawi-portal/authenticate/authenticate.go:101.32,103.3 1 1
github.com/ONSdigital/blaise-cawi-portal/authenticate/authenticate.go:104.2,104.20 1 1
github.com/ONSdigital/blaise-cawi-portal/authenticate/authenticate.go:107.73,112.15 4 1
github.com/ONSdigital/blaise-cawi-portal/authenticate/authenticate.go:112.15,117.3 3 1
github.com/ONSdigital/blaise-cawi-portal/authenticate/authenticate.go:119.2,119.20 1 1
github.com/ONSdigital/blaise-cawi-portal/authenticate/authenticate.go:119.20,121.3 1 1
github.com/ONSdigital/blaise-cawi-portal/authenticate/authenticate.go:123.2,123.27 1 1
github.com/ONSdigital/blaise-cawi-portal/authenticate/authenticate.go:123.27,128.3 3 1
github.com/ONSdigital/blaise-cawi-portal/authenticate/authenticate.go:130.2,132.16 2 1
github.com/ONSdigital/blaise-cawi-portal/authenticate/authenticate.go:132.16,140.3 3 1
github.com/ONSdigital/blaise-cawi-portal/authenticate/authenticate.go:142.2,142.27 1 1
github.com/ONSdigital/blaise-cawi-portal/authenticate/authenticate.go:142.27,151.3 3 1
github.com/ONSdigital/blaise-cawi-portal/authenticate/authenticate.go:153.2,154.16 2 1
github.com/ONSdigital/blaise-cawi-portal/authenticate/authenticate.go:154.16,155.60 1 1
github.com/ONSdigital/blaise-cawi-portal/authenticate/authenticate.go:155.60,165.4 3 1
github.com/ONSdigital/blaise-cawi-portal/authenticate/authenticate.go:166.3,173.9 3 0
github.com/ONSdigital/blaise-cawi-portal/authenticate/authenticate.go:176.2,177.25 2 1
github.com/ONSdigital/blaise-cawi-portal/authenticate/authenticate.go:177.25,179.3 1 1
github.com/ONSdigital/blaise-cawi-portal/authenticate/authenticate.go:180.2,181.16 2 1
github.com/ONSdigital/blaise-cawi-portal/authenticate/authenticate.go:181.16,185.3 3 0
github.com/ONSdigital/blaise-cawi-portal/authenticate/authenticate.go:187.2,189.39 3 1
github.com/ONSdigital/blaise-cawi-portal/authenticate/authenticate.go:189.39,193.3 3 0
github.com/ONSdigital/blaise-cawi-portal/authenticate/authenticate.go:195.2,197.49 3 1
github.com/ONSdigital/blaise-cawi-portal/authenticate/authenticate.go:197.49,201.3 3 0
github.com/ONSdigital/blaise-cawi-portal/authenticate/authenticate.go:203.2,213.17 5 1
github.com/ONSdigital/blaise-cawi-portal/authenticate/authenticate.go:216.74,222.39 6 1
github.com/ONSdigital/blaise-cawi-portal/authenticate/authenticate.go:222.39,225.3 2 0
github.com/ONSdigital/blaise-cawi-portal/authenticate/authenticate.go:226.2,226.99 1 1
github.com/ONSdigital/blaise-cawi-portal/authenticate/authenticate.go:229.51,236.2 2 1
github.com/ONSdigital/blaise-cawi-portal/authenticate/authenticate.go:238.79,246.2 2 1
github.com/ONSdigital/blaise-cawi-portal/authenticate/authenticate.go:248.69,251.2 2 1
github.com/ONSdigital/blaise-cawi-portal/authenticate/authenticate.go:253.98,257.31 3 1
github.com/ONSdigital/blaise-cawi-portal/authenticate/authenticate.go:257.31,264.3 2 1
github.com/ONSdigital/blaise-cawi-portal/authenticate/authenticate.go:266.2,267.16 2 1
github.com/ONSdigital/blaise-cawi-portal/authenticate/authenticate.go:267.16,270.3 2 1
github.com/ONSdigital/blaise-cawi-portal/authenticate/authenticate.go:272.2,273.39 2 1
github.com/ONSdigital/blaise-cawi-portal/authenticate/authenticate.go:273.39,276.3 2 0
github.com/ONSdigital/blaise-cawi-portal/authenticate/authenticate.go:279.59,282.25 3 1
github.com/ONSdigital/blaise-cawi-portal/authenticate/authenticate.go:282.25,284.3 1 0
github.com/ONSdigital/blaise-cawi-portal/authenticate/authenticate.go:285.2,286.9 2 1
github.com/ONSdigital/blaise-cawi-portal/authenticate/authenticate.go:286.9,288.3 1 1
github.com/ONSdigital/blaise-cawi-portal/authenticate/authenticate.go:290.2,290.25 1 1
github.com/ONSdigital/blaise-cawi-portal/authenticate/authenticate.go:293.70,299.2 5 1
github.com/ONSdigital/blaise-cawi-portal/authenticate/authenticate.go:301.34,303.2 1 1
github.com/ONSdigital/blaise-cawi-portal/authenticate/authenticate.go:305.57,306.43 1 1
github.com/ONSdigital/blaise-cawi-portal/authenticate/authenticate.go:306.43,307.21 1 1
github.com/ONSdigital/blaise-cawi-portal/authenticate/authenticate.go:307.21,309.4 1 1
github.com/ONSdigital/blaise-cawi-portal/authenticate/authenticate.go:310.3,310.64 1 1
github.com/ONSdigital/blaise-cawi-portal/authenticate/authenticate.go:312.2,312.20 1 1
github.com/ONSdigital/blaise-cawi-portal/authenticate/authenticate.go:312.20,314.3 1 1
github.com/ONSdigital/blaise-cawi-portal/authenticate/authenticate.go:315.2,315.63 1 1
github.com/ONSdigital/blaise-cawi-portal/authenticate/authenticate.go:318.50,321.2 2 1
github.com/ONSdigital/blaise-cawi-portal/authenticate/claims.go:26.84,29.2 1 1
github.com/ONSdigital/blaise-cawi-portal/authenticate/claims.go:31.94,34.2 1 1
github.com/ONSdigital/blaise-cawi-portal/authenticate/claims.go:36.70,37.33 1 1
github.com/ONSdigital/blaise-cawi-portal/authenticate/claims.go:37.33,39.3 1 1
github.com/ONSdigital/blaise-cawi-portal/authenticate/claims.go:40.2,40.14 1 1
github.com/ONSdigital/blaise-cawi-portal/authenticate/claims.go:43.53,49.2 5 1
github.com/ONSdigital/blaise-cawi-portal/authenticate/claims.go:51.46,53.22 2 1
github.com/ONSdigital/blaise-cawi-portal/authenticate/claims.go:53.22,55.3 1 0
github.com/ONSdigital/blaise-cawi-portal/authenticate/claims.go:56.2,57.41 2 1
github.com/ONSdigital/blaise-cawi-portal/authenticate/jwt_crypto.go:23.110,24.22 1 1
github.com/ONSdigital/blaise-cawi-portal/authenticate/jwt_crypto.go:24.22,26.3 1 1
github.com/ONSdigital/blaise-cawi-portal/authenticate/jwt_crypto.go:28.2,42.56 3 1
github.com/ONSdigital/blaise-cawi-portal/authenticate/jwt_crypto.go:45.82,46.21 1 1
github.com/ONSdigital/blaise-cawi-portal/authenticate/jwt_crypto.go:46.21,48.3 1 1
github.com/ONSdigital/blaise-cawi-portal/authenticate/jwt_crypto.go:49.2,50.33 2 1
github.com/ONSdigital/blaise-cawi-portal/authenticate/jwt_crypto.go:50.33,52.3 1 1
github.com/ONSdigital/blaise-cawi-portal/authenticate/jwt_crypto.go:54.2,54.110 1 1
github.com/ONSdigital/blaise-cawi-portal/authenticate/jwt_crypto.go:54.110,55.58 1 1
github.com/ONSdigital/blaise-cawi-portal/authenticate/jwt_crypto.go:55.58,57.4 1 0
github.com/ONSdigital/blaise-cawi-portal/authenticate/jwt_crypto.go:58.3,58.42 1 1
github.com/ONSdigital/blaise-cawi-portal/authenticate/jwt_crypto.go:60.2,60.16 1 1
github.com/ONSdigital/blaise-cawi-portal/authenticate/jwt_crypto.go:60.16,62.3 1 0
github.com/ONSdigital/blaise-cawi-portal/authenticate/jwt_crypto.go:63.2,64.25 2 1
github.com/ONSdigital/blaise-cawi-portal/authenticate/jwt_crypto.go:64.25,66.3 1 0
github.com/ONSdigital/blaise-cawi-portal/authenticate/jwt_crypto.go:68.2,68.20 1 1
github.com/ONSdigital/blaise-cawi-portal/blaiserestapi/mocks/BlaiseRestAPIInterface.go:19.28,23.19 3 0
github.com/ONSdigital/blaise-cawi-portal/blaiserestapi/mocks/BlaiseRestAPIInterface.go:23.19,23.49 1 0
github.com/ONSdigital/blaise-cawi-portal/blaiserestapi/mocks/BlaiseRestAPIInterface.go:25.2,25.13 1 0
github.com/ONSdigital/blaise-cawi-portal/blaiserestapi/mocks/BlaiseRestAPIInterface.go:37.77,39.2 1 0
github.com/ONSdigital/blaise-cawi-portal/blaiserestapi/mocks/BlaiseRestAPIInterface.go:42.138,45.19 2 0
github.com/ONSdigital/blaise-cawi-portal/blaiserestapi/mocks/BlaiseRestAPIInterface.go:45.19,46.63 1 0
github.com/ONSdigital/blaise-cawi-portal/blaiserestapi/mocks/BlaiseRestAPIInterface.go:49.2,51.112 3 0
github.com/ONSdigital/blaise-cawi-portal/blaiserestapi/mocks/BlaiseRestAPIInterface.go:51.112,53.3 1 0
github.com/ONSdigital/blaise-cawi-portal/blaiserestapi/mocks/BlaiseRestAPIInterface.go:54.2,54.103 1 0
github.com/ONSdigital/blaise-cawi-portal/blaiserestapi/mocks/BlaiseRestAPIInterface.go:54.103,56.3 1 0
github.com/ONSdigital/blaise-cawi-portal/blaiserestapi/mocks/BlaiseRestAPIInterface.go:56.8,57.24 1 0
github.com/ONSdigital/blaise-cawi-portal/blaiserestapi/mocks/BlaiseRestAPIInterface.go:57.24,59.4 1 0
github.com/ONSdigital/blaise-cawi-portal/blaiserestapi/mocks/BlaiseRestAPIInterface.go:61.2,61.76 1 0
github.com/ONSdigital/blaise-cawi-portal/blaiserestapi/mocks/BlaiseRestAPIInterface.go:61.76,63.3 1 0
github.com/ONSdigital/blaise-cawi-portal/blaiserestapi/mocks/BlaiseRestAPIInterface.go:63.8,65.3 1 0
github.com/ONSdigital/blaise-cawi-portal/blaiserestapi/mocks/BlaiseRestAPIInterface.go:66.2,66.15 1 0
github.com/ONSdigital/blaise-cawi-portal/blaiserestapi/mocks/BlaiseRestAPIInterface.go:77.138,79.2 1 0
github.com/ONSdigital/blaise-cawi-portal/blaiserestapi/mocks/BlaiseRestAPIInterface.go:81.163,82.40 1 0
github.com/ONSdigital/blaise-cawi-portal/blaiserestapi/mocks/BlaiseRestAPIInterface.go:82.40,84.21 2 0
github.com/ONSdigital/blaise-cawi-portal/blaiserestapi/mocks/BlaiseRestAPIInterface.go:84.21,86.4 1 0
github.com/ONSdigital/blaise-cawi-portal/blaiserestapi/mocks/BlaiseRestAPIInterface.go:87.3,88.21 2 0
github.com/ONSdigital/blaise-cawi-portal/blaiserestapi/mocks/BlaiseRestAPIInterface.go:88.21,90.4 1 0
github.com/ONSdigital/blaise-cawi-portal/blaiserestapi/mocks/BlaiseRestAPIInterface.go:91.3,94.4 1 0
github.com/ONSdigital/blaise-cawi-portal/blaiserestapi/mocks/BlaiseRestAPIInterface.go:96.2,96.11 1 0
github.com/ONSdigital/blaise-cawi-portal/blaiserestapi/mocks/BlaiseRestAPIInterface.go:99.184,102.2 2 0
github.com/ONSdigital/blaise-cawi-portal/blaiserestapi/mocks/BlaiseRestAPIInterface.go:104.214,107.2 2 0
github.com/ONSdigital/blaise-cawi-portal/languagemanager/mocks/LanguageManagerInterface.go:17.30,21.19 3 0
github.com/ONSdigital/blaise-cawi-portal/languagemanager/mocks/LanguageManagerInterface.go:21.19,21.49 1 0
github.com/ONSdigital/blaise-cawi-portal/languagemanager/mocks/LanguageManagerInterface.go:23.2,23.13 1 0
github.com/ONSdigital/blaise-cawi-portal/languagemanager/mocks/LanguageManagerInterface.go:35.81,37.2 1 0
github.com/ONSdigital/blaise-cawi-portal/languagemanager/mocks/LanguageManagerInterface.go:40.75,43.19 2 0
github.com/ONSdigital/blaise-cawi-portal/languagemanager/mocks/LanguageManagerInterface.go:43.19,44.49 1 0
github.com/ONSdigital/blaise-cawi-portal/languagemanager/mocks/LanguageManagerInterface.go:47.2,48.64 2 0
github.com/ONSdigital/blaise-cawi-portal/languagemanager/mocks/LanguageManagerInterface.go:48.64,50.3 1 0
github.com/ONSdigital/blaise-cawi-portal/languagemanager/mocks/LanguageManagerInterface.go:50.8,52.3 1 0
github.com/ONSdigital/blaise-cawi-portal/languagemanager/mocks/LanguageManagerInterface.go:53.2,53.11 1 0
github.com/ONSdigital/blaise-cawi-portal/languagemanager/mocks/LanguageManagerInterface.go:63.106,65.2 1 0
github.com/ONSdigital/blaise-cawi-portal/languagemanager/mocks/LanguageManagerInterface.go:67.125,68.40 1 0
github.com/ONSdigital/blaise-cawi-portal/languagemanager/mocks/LanguageManagerInterface.go:68.40,70.21 2 0
github.com/ONSdigital/blaise-cawi-portal/languagemanager/mocks/LanguageManagerInterface.go:70.21,72.4 1 0
github.com/ONSdigital/blaise-cawi-portal/languagemanager/mocks/LanguageManagerInterface.go:73.3,75.4 1 0
github.com/ONSdigital/blaise-cawi-portal/languagemanager/mocks/LanguageManagerInterface.go:77.2,77.11 1 0
github.com/ONSdigital/blaise-cawi-portal/languagemanager/mocks/LanguageManagerInterface.go:80.104,83.2 2 0
github.com/ONSdigital/blaise-cawi-portal/languagemanager/mocks/LanguageManagerInterface.go:85.139,88.2 2 0
github.com/ONSdigital/blaise-cawi-portal/languagemanager/mocks/LanguageManagerInterface.go:91.117,94.19 2 0
github.com/ONSdigital/blaise-cawi-portal/languagemanager/mocks/LanguageManagerInterface.go:94.19,95.55 1 0
github.com/ONSdigital/blaise-cawi-portal/languagemanager/mocks/LanguageManagerInterface.go:98.2,99.85 2 0
github.com/ONSdigital/blaise-cawi-portal/languagemanager/mocks/LanguageManagerInterface.go:99.85,101.3 1 0
github.com/ONSdigital/blaise-cawi-portal/languagemanager/mocks/LanguageManagerInterface.go:101.8,103.3 1 0
github.com/ONSdigital/blaise-cawi-portal/languagemanager/mocks/LanguageManagerInterface.go:104.2,104.11 1 0
github.com/ONSdigital/blaise-cawi-portal/languagemanager/mocks/LanguageManagerInterface.go:115.138,117.2 1 0
github.com/ONSdigital/blaise-cawi-portal/languagemanager/mocks/LanguageManagerInterface.go:119.171,120.40 1 0
github.com/ONSdigital/blaise-cawi-portal/languagemanager/mocks/LanguageManagerInterface.go:120.40,122.21 2 0
github.com/ONSdigital/blaise-cawi-portal/languagemanager/mocks/LanguageManagerInterface.go:122.21,124.4 1 0
github.com/ONSdigital/blaise-cawi-portal/languagemanager/mocks/LanguageManagerInterface.go:125.3,126.21 2 0
github.com/ONSdigital/blaise-cawi-portal/languagemanager/mocks/LanguageManagerInterface.go:126.21,128.4 1 0
github.com/ONSdigital/blaise-cawi-portal/languagemanager/mocks/LanguageManagerInterface.go:129.3,132.4 1 0
github.com/ONSdigital/blaise-cawi-portal/languagemanager/mocks/LanguageManagerInterface.go:134.2,134.11 1 0
github.com/ONSdigital/blaise-cawi-portal/languagemanager/mocks/LanguageManagerInterface.go:137.118,140.2 2 0
github.com/ONSdigital/blaise-cawi-portal/languagemanager/mocks/LanguageManagerInterface.go:142.187,145.2 2 0
github.com/ONSdigital/blaise-cawi-portal/languagemanager/mocks/LanguageManagerInterface.go:148.79,151.2 2 0
github.com/ONSdigital/blaise-cawi-portal/languagemanager/mocks/LanguageManagerInterface.go:161.115,163.2 1 0
github.com/ONSdigital/blaise-cawi-portal/languagemanager/mocks/LanguageManagerInterface.go:165.135,166.40 1 0
github.com/ONSdigital/blaise-cawi-portal/languagemanager/mocks/LanguageManagerInterface.go:166.40,168.21 2 0
github.com/ONSdigital/blaise-cawi-portal/languagemanager/mocks/LanguageManagerInterface.go:168.21,170.4 1 0
github.com/ONSdigital/blaise-cawi-portal/languagemanager/mocks/LanguageManagerInterface.go:171.3,172.21 2 0
github.com/ONSdigital/blaise-cawi-portal/languagemanager/mocks/LanguageManagerInterface.go:172.21,174.4 1 0
github.com/ONSdigital/blaise-cawi-portal/languagemanager/mocks/LanguageManagerInterface.go:175.3,178.4 1 0
github.com/ONSdigital/blaise-cawi-portal/languagemanager/mocks/LanguageManagerInterface.go:180.2,180.11 1 0
github.com/ONSdigital/blaise-cawi-portal/languagemanager/mocks/LanguageManagerInterface.go:183.100,186.2 2 0
github.com/ONSdigital/blaise-cawi-portal/languagemanager/mocks/LanguageManagerInterface.go:188.144,191.2 2 0
github.com/ONSdigital/blaise-cawi-portal/busapi/mocks/BUSAPIInterface.go:19.21,23.19 3 0
github.com/ONSdigital/blaise-cawi-portal/busapi/mocks/BUSAPIInterface.go:23.19,23.49 1 0
github.com/ONSdigital/blaise-cawi-portal/busapi/mocks/BUSAPIInterface.go:25.2,25.13 1 0
github.com/ONSdigital/blaise-cawi-portal/busapi/mocks/BUSAPIInterface.go:37.63,39.2 1 0
github.com/ONSdigital/blaise-cawi-portal/busapi/mocks/BUSAPIInterface.go:42.102,45.19 2 0
github.com/ONSdigital/blaise-cawi-portal/busapi/mocks/BUSAPIInterface.go:45.19,46.52 1 0
github.com/ONSdigital/blaise-cawi-portal/busapi/mocks/BUSAPIInterface.go:49.2,51.94 3 0
github.com/ONSdigital/blaise-cawi-portal/busapi/mocks/BUSAPIInterface.go:51.94,53.3 1 0
github.com/ONSdigital/blaise-cawi-portal/busapi/mocks/BUSAPIInterface.go:54.2,54.85 1 0
github.com/ONSdigital/blaise-cawi-portal/busapi/mocks/BUSAPIInterface.go:54.85,56.3 1 0
github.com/ONSdigital/blaise-cawi-portal/busapi/mocks/BUSAPIInterface.go:56.8,58.3 1 0
github.com/ONSdigital/blaise-cawi-portal/busapi/mocks/BUSAPIInterface.go:59.2,59.76 1 0
github.com/ONSdigital/blaise-cawi-portal/busapi/mocks/BUSAPIInterface.go:59.76,61.3 1 0
github.com/ONSdigital/blaise-cawi-portal/busapi/mocks/BUSAPIInterface.go:61.8,63.3 1 0
github.com/ONSdigital/blaise-cawi-portal/busapi/mocks/BUSAPIInterface.go:64.2,64.15 1 0
github.com/ONSdigital/blaise-cawi-portal/busapi/mocks/BUSAPIInterface.go:75.102,77.2 1 0
github.com/ONSdigital/blaise-cawi-portal/busapi/mocks/BUSAPIInterface.go:79.127,80.40 1 0
github.com/ONSdigital/blaise-cawi-portal/busapi/mocks/BUSAPIInterface.go:80.40,82.21 2 0
github.com/ONSdigital/blaise-cawi-portal/busapi/mocks/BUSAPIInterface.go:82.21,84.4 1 0
github.com/ONSdigital/blaise-cawi-portal/busapi/mocks/BUSAPIInterface.go:85.3,86.21 2 0
github.com/ONSdigital/blaise-cawi-portal/busapi/mocks/BUSAPIInterface.go:86.21,88.4 1 0
github.com/ONSdigital/blaise-cawi-portal/busapi/mocks/BUSAPIInterface.go:89.3,92.4 1 0
github.com/ONSdigital/blaise-cawi-portal/busapi/mocks/BUSAPIInterface.go:94.2,94.11 1 0
github.com/ONSdigital/blaise-cawi-portal/busapi/mocks/BUSAPIInterface.go:97.119,100.2 2 0
github.com/ONSdigital/blaise-cawi-portal/busapi/mocks/BUSAPIInterface.go:102.160,105.2 2 0
github.com/ONSdigital/blaise-cawi-portal/authenticate/mocks/AuthInterface.go:19.19,23.19 3 0
github.com/ONSdigital/blaise-cawi-portal/authenticate/mocks/AuthInterface.go:23.19,23.49 1 0
github.com/ONSdigital/blaise-cawi-portal/authenticate/mocks/AuthInterface.go:25.2,25.13 1 0
github.com/ONSdigital/blaise-cawi-portal/authenticate/mocks/AuthInterface.go:37.59,39.2 1 0
github.com/ONSdigital/blaise-cawi-portal/authenticate/mocks/AuthInterface.go:42.72,45.2 2 0
github.com/ONSdigital/blaise-cawi-portal/authenticate/mocks/AuthInterface.go:54.110,56.2 1 0
github.com/ONSdigital/blaise-cawi-portal/authenticate/mocks/AuthInterface.go:58.129,59.40 1 0
github.com/ONSdigital/blaise-cawi-portal/authenticate/mocks/AuthInterface.go:59.40,61.21 2 0
github.com/ONSdigital/blaise-cawi-portal/authenticate/mocks/AuthInterface.go:61.21,63.4 1 0
github.com/ONSdigital/blaise-cawi-portal/authenticate/mocks/AuthInterface.go:64.3,66.4 1 0
github.com/ONSdigital/blaise-cawi-portal/authenticate/mocks/AuthInterface.go:68.2,68.11 1 0
github.com/ONSdigital/blaise-cawi-portal/authenticate/mocks/AuthInterface.go:71.102,74.2 2 0
github.com/ONSdigital/blaise-cawi-portal/authenticate/mocks/AuthInterface.go:76.138,79.2 2 0
github.com/ONSdigital/blaise-cawi-portal/authenticate/mocks/AuthInterface.go:82.94,85.19 2 0
github.com/ONSdigital/blaise-cawi-portal/authenticate/mocks/AuthInterface.go:85.19,86.52 1 0
github.com/ONSdigital/blaise-cawi-portal/authenticate/mocks/AuthInterface.go:89.2,91.91 3 0
github.com/ONSdigital/blaise-cawi-portal/authenticate/mocks/AuthInterface.go:91.91,93.3 1 0
github.com/ONSdigital/blaise-cawi-portal/authenticate/mocks/AuthInterface.go:94.2,94.64 1 0
github.com/ONSdigital/blaise-cawi-portal/authenticate/mocks/AuthInterface.go:94.64,96.3 1 0
github.com/ONSdigital/blaise-cawi-portal/authenticate/mocks/AuthInterface.go:96.8,98.3 1 0
github.com/ONSdigital/blaise-cawi-portal/authenticate/mocks/AuthInterface.go:99.2,99.83 1 0
github.com/ONSdigital/blaise-cawi-portal/authenticate/mocks/AuthInterface.go:99.83,101.3 1 0
github.com/ONSdigital/blaise-cawi-portal/authenticate/mocks/AuthInterface.go:101.8,102.24 1 0
github.com/ONSdigital/blaise-cawi-portal/authenticate/mocks/AuthInterface.go:102.24,104.4 1 0
github.com/ONSdigital/blaise-cawi-portal/authenticate/mocks/AuthInterface.go:106.2,106.15 1 0
github.com/ONSdigital/blaise-cawi-portal/authenticate/mocks/AuthInterface.go:116.90,118.2 1 0
github.com/ONSdigital/blaise-cawi-portal/authenticate/mocks/AuthInterface.go:120.109,121.40 1 0
github.com/ONSdigital/blaise-cawi-portal/authenticate/mocks/AuthInterface.go:121.40,123.21 2 0
github.com/ONSdigital/blaise-cawi-portal/authenticate/mocks/AuthInterface.go:123.21,125.4 1 0
github.com/ONSdigital/blaise-cawi-portal/authenticate/mocks/AuthInterface.go:126.3,128.4 1 0
github.com/ONSdigital/blaise-cawi-portal/authenticate/mocks/AuthInterface.go:130.2,130.11 1 0
github.com/ONSdigital/blaise-cawi-portal/authenticate/mocks/AuthInterface.go:133.123,136.2 2 0
github.com/ONSdigital/blaise-cawi-portal/authenticate/mocks/AuthInterface.go:138.150,141.2 2 0
github.com/ONSdigital/blaise-cawi-portal/authenticate/mocks/AuthInterface.go:144.44,147.19 2 0
github.com/ONSdigital/blaise-cawi-portal/authenticate/mocks/AuthInterface.go:147.19,148.49 1 0
github.com/ONSdigital/blaise-cawi-portal/authenticate/mocks/AuthInterface.go:151.2,152.52 2 0
github.com/ONSdigital/blaise-cawi-portal/authenticate/mocks/AuthInterface.go:152.52,154.3 1 0
github.com/ONSdigital/blaise-cawi-portal/authenticate/mocks/AuthInterface.go:154.8,156.3 1 0
github.com/ONSdigital/blaise-cawi-portal/authenticate/mocks/AuthInterface.go:157.2,157.11 1 0
github.com/ONSdigital/blaise-cawi-portal/authenticate/mocks/AuthInterface.go:166.73,168.2 1 0
github.com/ONSdigital/blaise-cawi-portal/authenticate/mocks/AuthInterface.go:170.83,171.40 1 0
github.com/ONSdigital/blaise-cawi-portal/authenticate/mocks/AuthInterface.go:171.40,173.3 1 0
github.com/ONSdigital/blaise-cawi-portal/authenticate/mocks/AuthInterface.go:174.2,174.11 1 0
github.com/ONSdigital/blaise-cawi-portal/authenticate/mocks/AuthInterface.go:177.82,180.2 2 0
github.com/ONSdigital/blaise-cawi-portal/authenticate/mocks/AuthInterface.go:182.97,185.2 2 0
github.com/ONSdigital/blaise-cawi-portal/authenticate/mocks/AuthInterface.go:188.83,191.2 2 0
github.com/ONSdigital/blaise-cawi-portal/authenticate/mocks/AuthInterface.go:201.93,203.2 1 0
github.com/ONSdigital/blaise-cawi-portal/authenticate/mocks/AuthInterface.go:205.125,206.40 1 0
github.com/ONSdigital/blaise-cawi-portal/authenticate/mocks/AuthInterface.go:206.40,208.21 2 0
github.com/ONSdigital/blaise-cawi-portal/authenticate/mocks/AuthInterface.go:208.21,210.4 1 0
github.com/ONSdigital/blaise-cawi-portal/authenticate/mocks/AuthInterface.go:211.3,212.21 2 0
github.com/ONSdigital/blaise-cawi-portal/authenticate/mocks/AuthInterface.go:212.21,214.4 1 0
github.com/ONSdigital/blaise-cawi-portal/authenticate/mocks/AuthInterface.go:215.3,218.4 1 0
github.com/ONSdigital/blaise-cawi-portal/authenticate/mocks/AuthInterface.go:220.2,220.11 1 0
github.com/ONSdigital/blaise-cawi-portal/authenticate/mocks/AuthInterface.go:223.72,226.2 2 0
github.com/ONSdigital/blaise-cawi-portal/authenticate/mocks/AuthInterface.go:228.134,231.2 2 0
github.com/ONSdigital/blaise-cawi-portal/authenticate/mocks/AuthInterface.go:234.84,237.2 2 0
github.com/ONSdigital/blaise-cawi-portal/authenticate/mocks/AuthInterface.go:247.95,249.2 1 0
github.com/ONSdigital/blaise-cawi-portal/authenticate/mocks/AuthInterface.go:251.127,252.40 1 0
github.com/ONSdigital/blaise-cawi-portal/authenticate/mocks/AuthInterface.go:252.40,254.21 2 0
github.com/ONSdigital/blaise-cawi-portal/authenticate/mocks/AuthInterface.go:254.21,256.4 1 0
github.com/ONSdigital/blaise-cawi-portal/authenticate/mocks/AuthInterface.go:257.3,258.21 2 0
github.com/ONSdigital/blaise-cawi-portal/authenticate/mocks/AuthInterface.go:258.21,260.4 1 0
github.com/ONSdigital/blaise-cawi-portal/authenticate/mocks/AuthInterface.go:261.3,264.4 1 0
github.com/ONSdigital/blaise-cawi-portal/authenticate/mocks/AuthInterface.go:266.2,266.11 1 0
github.com/ONSdigital/blaise-cawi-portal/authenticate/mocks/AuthInterface.go:269.74,272.2 2 0
github.com/ONSdigital/blaise-cawi-portal/authenticate/mocks/AuthInterface.go:274.136,277.2 2 0
github.com/ONSdigital/blaise-cawi-portal/authenticate/mocks/AuthInterface.go:280.78,283.2 2 0
github.com/ONSdigital/blaise-cawi-portal/authenticate/mocks/AuthInterface.go:293.109,295.2 1 0
github.com/ONSdigital/blaise-cawi-portal/authenticate/mocks/AuthInterface.go:297.131,298.40 1 0
github.com/ONSdigital/blaise-cawi-portal/authenticate/mocks/AuthInterface.go:298.40,300.21 2 0
github.com/ONSdigital/blaise-cawi-portal/authenticate/mocks/AuthInterface.go:300.21,302.4 1 0
github.com/ONSdigital/blaise-cawi-portal/authenticate/mocks/AuthInterface.go:303.3,304.21 2 0
github.com/ONSdigital/blaise-cawi-portal/authenticate/mocks/AuthInterface.go:304.21,306.4 1 0
github.com/ONSdigital/blaise-cawi-portal/authenticate/mocks/AuthInterface.go:307.3,310.4 1 0
github.com/ONSdigital/blaise-cawi-portal/authenticate/mocks/AuthInterface.go:312.2,312.11 1 0
github.com/ONSdigital/blaise-cawi-portal/authenticate/mocks/AuthInterface.go:315.94,318.2 2 0
github.com/ONSdigital/blaise-cawi-portal/authenticate/mocks/AuthInterface.go:320.140,323.2 2 0
github.com/ONSdigital/blaise-cawi-portal/authenticate/mocks/AuthInterface.go:326.125,329.2 2 0
github.com/ONSdigital/blaise-cawi-portal/authenticate/mocks/AuthInterface.go:340.122,342.2 1 0
github.com/ONSdigital/blaise-cawi-portal/authenticate/mocks/AuthInterface.go:344.174,345.40 1 0
github.com/ONSdigital/blaise-cawi-portal/authenticate/mocks/AuthInterface.go:345.40,347.21 2 0
github.com/ONSdigital/blaise-cawi-portal/authenticate/mocks/AuthInterface.go:347.21,349.4 1 0
github.com/ONSdigital/blaise-cawi-portal/authenticate/mocks/AuthInterface.go:350.3,351.21 2 0
github.com/ONSdigital/blaise-cawi-portal/authenticate/mocks/AuthInterface.go:351.21,353.4 1 0
github.com/ONSdigital/blaise-cawi-portal/authenticate/mocks/AuthInterface.go:354.3,355.21 2 0
github.com/ONSdigital/blaise-cawi-portal/authenticate/mocks/AuthInterface.go:355.21,357.4 1 0
github.com/ONSdigital/blaise-cawi-portal/authenticate/mocks/AuthInterface.go:358.3,362.4 1 0
github.com/ONSdigital/blaise-cawi-portal/authenticate/mocks/AuthInterface.go:364.2,364.11 1 0
github.com/ONSdigital/blaise-cawi-portal/authenticate/mocks/AuthInterface.go:367.86,370.2 2 0
github.com/ONSdigital/blaise-cawi-portal/authenticate/mocks/AuthInterface.go:372.183,375.2 2 0
github.com/ONSdigital/blaise-cawi-portal/authenticate/mocks/JWTCryptoInterface.go:18.24,22.19 3 0
github.com/ONSdigital/blaise-cawi-portal/authenticate/mocks/JWTCryptoInterface.go:22.19,22.49 1 0
github.com/ONSdigital/blaise-cawi-portal/authenticate/mocks/JWTCryptoInterface.go:24.2,24.13 1 0
github.com/ONSdigital/blaise-cawi-portal/authenticate/mocks/JWTCryptoInterface.go:36.69,38.2 1 0
github.com/ONSdigital/blaise-cawi-portal/authenticate/mocks/JWTCryptoInterface.go:41.100,44.19 2 0
github.com/ONSdigital/blaise-cawi-portal/authenticate/mocks/JWTCryptoInterface.go:44.19,45.52 1 0
github.com/ONSdigital/blaise-cawi-portal/authenticate/mocks/JWTCryptoInterface.go:48.2,50.91 3 0
github.com/ONSdigital/blaise-cawi-portal/authenticate/mocks/JWTCryptoInterface.go:50.91,52.3 1 0
github.com/ONSdigital/blaise-cawi-portal/authenticate/mocks/JWTCryptoInterface.go:53.2,53.82 1 0
github.com/ONSdigital/blaise-cawi-portal/authenticate/mocks/JWTCryptoInterface.go:53.82,55.3 1 0
github.com/ONSdigital/blaise-cawi-portal/authenticate/mocks/JWTCryptoInterface.go:55.8,56.24 1 0
github.com/ONSdigital/blaise-cawi-portal/authenticate/mocks/JWTCryptoInterface.go:56.24,58.4 1 0
github.com/ONSdigital/blaise-cawi-portal/authenticate/mocks/JWTCryptoInterface.go:60.2,60.64 1 0
github.com/ONSdigital/blaise-cawi-portal/authenticate/mocks/JWTCryptoInterface.go:60.64,62.3 1 0
github.com/ONSdigital/blaise-cawi-portal/authenticate/mocks/JWTCryptoInterface.go:62.8,64.3 1 0
github.com/ONSdigital/blaise-cawi-portal/authenticate/mocks/JWTCryptoInterface.go:65.2,65.15 1 0
github.com/ONSdigital/blaise-cawi-portal/authenticate/mocks/JWTCryptoInterface.go:75.101,77.2 1 0
github.com/ONSdigital/blaise-cawi-portal/authenticate/mocks/JWTCryptoInterface.go:79.119,80.40 1 0
github.com/ONSdigital/blaise-cawi-portal/authenticate/mocks/JWTCryptoInterface.go:80.40,82.21 2 0
github.com/ONSdigital/blaise-cawi-portal/authenticate/mocks/JWTCryptoInterface.go:82.21,84.4 1 0
github.com/ONSdigital/blaise-cawi-portal/authenticate/mocks/JWTCryptoInterface.go:85.3,87.4 1 0
github.com/ONSdigital/blaise-cawi-portal/authenticate/mocks/JWTCryptoInterface.go:89.2,89.11 1 0
github.com/ONSdigital/blaise-cawi-portal/authenticate/mocks/JWTCryptoInterface.go:92.136,95.2 2 0
github.com/ONSdigital/blaise-cawi-portal/authenticate/mocks/JWTCryptoInterface.go:97.161,100.2 2 0
github.com/ONSdigital/blaise-cawi-portal/authenticate/mocks/JWTCryptoInterface.go:103.103,106.19 2 0
github.com/ONSdigital/blaise-cawi-portal/authenticate/mocks/JWTCryptoInterface.go:106.19,107.52 1 0
github.com/ONSdigital/blaise-cawi-portal/authenticate/mocks/JWTCryptoInterface.go:110.2,112.91 3 0
github.com/ONSdigital/blaise-cawi-portal/authenticate/mocks/JWTCryptoInterface.go:112.91,114.3 1 0
github.com/ONSdigital/blaise-cawi-portal/authenticate/mocks/JWTCryptoInterface.go:115.2,115.82 1 0
github.com/ONSdigital/blaise-cawi-portal/authenticate/mocks/JWTCryptoInterface.go:115.82,117.3 1 0
github.com/ONSdigital/blaise-cawi-portal/authenticate/mocks/JWTCryptoInterface.go:117.8,119.3 1 0
github.com/ONSdigital/blaise-cawi-portal/authenticate/mocks/JWTCryptoInterface.go:120.2,120.81 1 0
github.com/ONSdigital/blaise-cawi-portal/authenticate/mocks/JWTCryptoInterface.go:120.81,122.3 1 0
github.com/ONSdigital/blaise-cawi-portal/authenticate/mocks/JWTCryptoInterface.go:122.8,124.3 1 0
github.com/ONSdigital/blaise-cawi-portal/authenticate/mocks/JWTCryptoInterface.go:125.2,125.15 1 0
github.com/ONSdigital/blaise-cawi-portal/authenticate/mocks/JWTCryptoInterface.go:137.114,139.2 1 0
github.com/ONSdigital/blaise-cawi-portal/authenticate/mocks/JWTCryptoInterface.go:141.139,142.40 1 0
github.com/ONSdigital/blaise-cawi-portal/authenticate/mocks/JWTCryptoInterface.go:142.40,144.21 2 0
github.com/ONSdigital/blaise-cawi-portal/authenticate/mocks/JWTCryptoInterface.go:144.21,146.4 1 0
github.com/ONSdigital/blaise-cawi-portal/authenticate/mocks/JWTCryptoInterface.go:147.3,148.21 2 0
github.com/ONSdigital/blaise-cawi-portal/authenticate/mocks/JWTCryptoInterface.go:148.21,150.4 1 0
github.com/ONSdigital/blaise-cawi-portal/authenticate/mocks/JWTCryptoInterface.go:151.3,152.21 2 0
github.com/ONSdigital/blaise-cawi-portal/authenticate/mocks/JWTCryptoInterface.go:152.21,154.4 1 0
github.com/ONSdigital/blaise-cawi-portal/authenticate/mocks/JWTCryptoInterface.go:155.3,159.4 1 0
github.com/ONSdigital/blaise-cawi-portal/authenticate/mocks/JWTCryptoInterface.go:161.2,161.11 1 0
github.com/ONSdigital/blaise-cawi-portal/authenticate/mocks/JWTCryptoInterface.go:164.112,167.2 2 0
github.com/ONSdigital/blaise-cawi-portal/authenticate/mocks/JWTCryptoInterface.go:169.164,172.2 2 0
github.com/ONSdigital/blaise-cawi-portal/webserver/auth_controller.go:21.73,24.2 3 1
github.com/ONSdigital/blaise-cawi-portal/webserver/auth_controller.go:24.2,30.3 5 1
github.com/ONSdigital/blaise-cawi-portal/webserver/auth_controller.go:33.75,35.16 2 1
github.com/ONSdigital/blaise-cawi-portal/webserver/auth_controller.go:35.16,38.3 2 1
github.com/ONSdigital/blaise-cawi-portal/webserver/auth_controller.go:40.2,42.45 3 1
github.com/ONSdigital/blaise-cawi-portal/webserver/auth_controller.go:42.45,44.3 1 0
github.com/ONSdigital/blaise-cawi-portal/webserver/auth_controller.go:45.2,45.46 1 1
github.com/ONSdigital/blaise-cawi-portal/webserver/auth_controller.go:45.46,47.3 1 0
github.com/ONSdigital/blaise-cawi-portal/webserver/auth_controller.go:49.2,53.4 1 1
github.com/ONSdigital/blaise-cawi-portal/webserver/auth_controller.go:56.79,60.2 2 1
github.com/ONSdigital/blaise-cawi-portal/webserver/auth_controller.go:62.76,66.2 2 1
github.com/ONSdigital/blaise-cawi-portal/webserver/auth_controller.go:68.78,70.20 2 1
github.com/ONSdigital/blaise-cawi-portal/webserver/auth_controller.go:70.20,73.3 2 1
github.com/ONSdigital/blaise-cawi-portal/webserver/auth_controller.go:74.2,74.31 1 1
github.com/ONSdigital/blaise-cawi-portal/webserver/auth_controller.go:77.78,81.88 3 1
github.com/ONSdigital/blaise-cawi-portal/webserver/auth_controller.go:81.88,82.73 1 1
github.com/ONSdigital/blaise-cawi-portal/webserver/auth_controller.go:82.73,84.4 1 0
github.com/ONSdigital/blaise-cawi-portal/webserver/auth_controller.go:87.2,90.4 1 1
github.com/ONSdigital/blaise-cawi-portal/webserver/debug_transport.go:14.90,21.2 2 1
github.com/ONSdigital/blaise-cawi-portal/webserver/errors.go:9.60,12.2 2 1
github.com/ONSdigital/blaise-cawi-portal/webserver/health_controller.go:17.77,20.61 3 1
github.com/ONSdigital/blaise-cawi-portal/webserver/health_controller.go:20.61,23.3 2 1
github.com/ONSdigital/blaise-cawi-portal/webserver/health_controller.go:26.80,29.2 2 1
github.com/ONSdigital/blaise-cawi-portal/webserver/instrument_controller.go:44.72,45.40 1 1
github.com/ONSdigital/blaise-cawi-portal/webserver/instrument_controller.go:45.40,47.3 1 1
github.com/ONSdigital/blaise-cawi-portal/webserver/instrument_controller.go:48.2,48.16 1 0
github.com/ONSdigital/blaise-cawi-portal/webserver/instrument_controller.go:51.85,54.2 3 1
github.com/ONSdigital/blaise-cawi-portal/webserver/instrument_controller.go:54.2,64.3 3 1
github.com/ONSdigital/blaise-cawi-portal/webserver/instrument_controller.go:66.2,66.80 1 1
github.com/ONSdigital/blaise-cawi-portal/webserver/instrument_controller.go:69.121,73.16 4 1
github.com/ONSdigital/blaise-cawi-portal/webserver/instrument_controller.go:73.16,77.3 3 1
github.com/ONSdigital/blaise-cawi-portal/webserver/instrument_controller.go:78.2,80.58 3 1
github.com/ONSdigital/blaise-cawi-portal/webserver/instrument_controller.go:80.58,85.3 3 1
github.com/ONSdigital/blaise-cawi-portal/webserver/instrument_controller.go:86.2,86.24 1 1
github.com/ONSdigital/blaise-cawi-portal/webserver/instrument_controller.go:86.24,88.3 1 1
github.com/ONSdigital/blaise-cawi-portal/webserver/instrument_controller.go:89.2,89.22 1 1
github.com/ONSdigital/blaise-cawi-portal/webserver/instrument_controller.go:92.82,94.16 2 1
github.com/ONSdigital/blaise-cawi-portal/webserver/instrument_controller.go:94.16,95.51 1 1
github.com/ONSdigital/blaise-cawi-portal/webserver/instrument_controller.go:95.51,97.4 1 1
github.com/ONSdigital/blaise-cawi-portal/webserver/instrument_controller.go:98.3,98.9 1 1
github.com/ONSdigital/blaise-cawi-portal/webserver/instrument_controller.go:100.2,101.16 2 1
github.com/ONSdigital/blaise-cawi-portal/webserver/instrument_controller.go:101.16,105.3 3 0
github.com/ONSdigital/blaise-cawi-portal/webserver/instrument_controller.go:106.2,109.16 3 1
github.com/ONSdigital/blaise-cawi-portal/webserver/instrument_controller.go:109.16,114.3 3 0
github.com/ONSdigital/blaise-cawi-portal/webserver/instrument_controller.go:116.2,116.38 1 1
github.com/ONSdigital/blaise-cawi-portal/webserver/instrument_controller.go:116.38,124.3 3 1
github.com/ONSdigital/blaise-cawi-portal/webserver/instrument_controller.go:126.2,126.41 1 1
github.com/ONSdigital/blaise-cawi-portal/webserver/instrument_controller.go:126.41,129.17 3 1
github.com/ONSdigital/blaise-cawi-portal/webserver/instrument_controller.go:129.17,131.18 2 1
github.com/ONSdigital/blaise-cawi-portal/webserver/instrument_controller.go:131.18,133.5 1 1
github.com/ONSdigital/blaise-cawi-portal/webserver/instrument_controller.go:133.10,136.5 1 0
github.com/ONSdigital/blaise-cawi-portal/webserver/instrument_controller.go:137.9,140.4 1 0
github.com/ONSdigital/blaise-cawi-portal/webserver/instrument_controller.go:143.2,143.70 1 1
github.com/ONSdigital/blaise-cawi-portal/webserver/instrument_controller.go:146.142,149.35 2 1
github.com/ONSdigital/blaise-cawi-portal/webserver/instrument_controller.go:149.35,156.17 3 1
github.com/ONSdigital/blaise-cawi-portal/webserver/instrument_controller.go:156.17,158.4 1 0
github.com/ONSdigital/blaise-cawi-portal/webserver/instrument_controller.go:161.3,161.59 1 1
github.com/ONSdigital/blaise-cawi-portal/webserver/instrument_controller.go:161.59,163.12 2 1
github.com/ONSdigital/blaise-cawi-portal/webserver/instrument_controller.go:166.3,166.19 1 1
github.com/ONSdigital/blaise-cawi-portal/webserver/instrument_controller.go:169.2,169.100 1 0
github.com/ONSdigital/blaise-cawi-portal/webserver/instrument_controller.go:172.97,174.16 2 1
github.com/ONSdigital/blaise-cawi-portal/webserver/instrument_controller.go:174.16,175.51 1 1
github.com/ONSdigital/blaise-cawi-portal/webserver/instrument_controller.go:175.51,177.4 1 1
github.com/ONSdigital/blaise-cawi-portal/webserver/instrument_controller.go:178.3,178.9 1 0
github.com/ONSdigital/blaise-cawi-portal/webserver/instrument_controller.go:180.2,182.41 3 1
github.com/ONSdigital/blaise-cawi-portal/webserver/instrument_controller.go:182.41,183.65 1 1
github.com/ONSdigital/blaise-cawi-portal/webserver/instrument_controller.go:183.65,185.4 1 1
github.com/ONSdigital/blaise-cawi-portal/webserver/instrument_controller.go:187.2,187.47 1 1
github.com/ONSdigital/blaise-cawi-portal/webserver/instrument_controller.go:190.131,195.16 5 1
github.com/ONSdigital/blaise-cawi-portal/webserver/instrument_controller.go:195.16,200.3 3 1
github.com/ONSdigital/blaise-cawi-portal/webserver/instrument_controller.go:202.2,203.16 2 1
github.com/ONSdigital/blaise-cawi-portal/webserver/instrument_controller.go:203.16,208.3 3 1
github.com/ONSdigital/blaise-cawi-portal/webserver/instrument_controller.go:210.2,210.79 1 1
github.com/ONSdigital/blaise-cawi-portal/webserver/instrument_controller.go:210.79,215.3 3 1
github.com/ONSdigital/blaise-cawi-portal/webserver/instrument_controller.go:216.2,217.14 2 1
github.com/ONSdigital/blaise-cawi-portal/webserver/instrument_controller.go:220.112,222.16 2 1
github.com/ONSdigital/blaise-cawi-portal/webserver/instrument_controller.go:222.16,226.3 3 1
github.com/ONSdigital/blaise-cawi-portal/webserver/instrument_controller.go:228.2,230.32 2 1
github.com/ONSdigital/blaise-cawi-portal/webserver/instrument_controller.go:230.32,232.3 1 0
github.com/ONSdigital/blaise-cawi-portal/webserver/instrument_controller.go:234.2,236.65 3 1
github.com/ONSdigital/blaise-cawi-portal/webserver/instrument_controller.go:239.88,242.2 2 1
github.com/ONSdigital/blaise-cawi-portal/webserver/instrument_controller.go:244.54,246.2 1 1
github.com/ONSdigital/blaise-cawi-portal/webserver/instrument_controller.go:248.43,250.24 2 1
github.com/ONSdigital/blaise-cawi-portal/webserver/instrument_controller.go:250.24,252.3 1 1
github.com/ONSdigital/blaise-cawi-portal/webserver/instrument_controller.go:254.2,254.59 1 1
github.com/ONSdigital/blaise-cawi-portal/webserver/instrument_controller.go:254.59,255.40 1 1
github.com/ONSdigital/blaise-cawi-portal/webserver/instrument_controller.go:255.40,257.4 1 1
github.com/ONSdigital/blaise-cawi-portal/webserver/instrument_controller.go:260.2,260.14 1 1
github.com/ONSdigital/blaise-cawi-portal/webserver/instrument_controller.go:263.52,265.16 2 1
github.com/ONSdigital/blaise-cawi-portal/webserver/instrument_controller.go:265.16,267.3 1 0
github.com/ONSdigital/blaise-cawi-portal/webserver/instrument_controller.go:268.2,269.34 2 1
github.com/ONSdigital/blaise-cawi-portal/webserver/instrument_controller.go:269.34,270.59 1 1
github.com/ONSdigital/blaise-cawi-portal/webserver/instrument_controller.go:270.59,280.4 3 1
github.com/ONSdigital/blaise-cawi-portal/webserver/instrument_controller.go:281.3,281.73 1 1
github.com/ONSdigital/blaise-cawi-portal/webserver/instrument_controller.go:281.73,283.4 1 1
github.com/ONSdigital/blaise-cawi-portal/webserver/instrument_controller.go:285.2,286.17 2 1
github.com/ONSdigital/blaise-cawi-portal/webserver/instrument_controller.go:289.49,292.2 2 1
github.com/ONSdigital/blaise-cawi-portal/webserver/security_controller.go:11.81,12.44 1 1
github.com/ONSdigital/blaise-cawi-portal/webserver/security_controller.go:12.44,13.49 1 1
github.com/ONSdigital/blaise-cawi-portal/webserver/security_controller.go:13.49,15.4 1 1
github.com/ONSdigital/blaise-cawi-portal/webserver/webserver.go:63.40,78.39 3 1
github.com/ONSdigital/blaise-cawi-portal/webserver/webserver.go:78.39,79.43 1 1
github.com/ONSdigital/blaise-cawi-portal/webserver/webserver.go:79.43,81.4 1 1
github.com/ONSdigital/blaise-cawi-portal/webserver/webserver.go:84.2,84.22 1 1
github.com/ONSdigital/blaise-cawi-portal/webserver/webserver.go:84.22,86.3 1 1
github.com/ONSdigital/blaise-cawi-portal/webserver/webserver.go:88.2,88.12 1 1
github.com/ONSdigital/blaise-cawi-portal/webserver/webserver.go:91.36,93.55 2 1
github.com/ONSdigital/blaise-cawi-portal/webserver/webserver.go:93.55,95.3 1 1
github.com/ONSdigital/blaise-cawi-portal/webserver/webserver.go:96.2,96.42 1 1
github.com/ONSdigital/blaise-cawi-portal/webserver/webserver.go:96.42,98.3 1 1
github.com/ONSdigital/blaise-cawi-portal/webserver/webserver.go:99.2,99.21 1 1
github.com/ONSdigital/blaise-cawi-portal/webserver/webserver.go:102.53,107.20 2 1
github.com/ONSdigital/blaise-cawi-portal/webserver/webserver.go:107.20,110.3 1 1
github.com/ONSdigital/blaise-cawi-portal/webserver/webserver.go:110.8,112.19 2 1
github.com/ONSdigital/blaise-cawi-portal/webserver/webserver.go:112.19,114.75 1 1
github.com/ONSdigital/blaise-cawi-portal/webserver/webserver.go:114.75,116.6 1 1
github.com/ONSdigital/blaise-cawi-portal/webserver/webserver.go:119.3,119.55 1 1
github.com/ONSdigital/blaise-cawi-portal/webserver/webserver.go:121.2,121.16 1 1
github.com/ONSdigital/blaise-cawi-portal/webserver/webserver.go:121.16,123.3 1 0
github.com/ONSdigital/blaise-cawi-portal/webserver/webserver.go:124.2,125.20 2 1
github.com/ONSdigital/blaise-cawi-portal/webserver/webserver.go:128.163,129.36 1 1
github.com/ONSdigital/blaise-cawi-portal/webserver/webserver.go:129.36,138.3 3 1
github.com/ONSdigital/blaise-cawi-portal/webserver/webserver.go:141.132,150.2 3 1
github.com/ONSdigital/blaise-cawi-portal/webserver/webserver.go:152.63,154.20 2 1
github.com/ONSdigital/blaise-cawi-portal/webserver/webserver.go:154.20,156.3 1 1
github.com/ONSdigital/blaise-cawi-portal/webserver/webserver.go:156.8,159.17 3 0
github.com/ONSdigital/blaise-cawi-portal/webserver/webserver.go:159.17,161.4 1 0
github.com/ONSdigital/blaise-cawi-portal/webserver/webserver.go:163.2,170.19 2 1
github.com/ONSdigital/blaise-cawi-portal/webserver/webserver.go:173.34,177.2 1 1
github.com/ONSdigital/blaise-cawi-portal/webserver/webserver.go:191.75,195.27 3 1
github.com/ONSdigital/blaise-cawi-portal/webserver/webserver.go:195.27,197.3 1 1
github.com/ONSdigital/blaise-cawi-portal/webserver/webserver.go:199.2,199.44 1 1
github.com/ONSdigital/blaise-cawi-portal/webserver/webserver.go:202.78,213.2 3 1
github.com/ONSdigital/blaise-cawi-portal/webserver/webserver.go:215.80,217.16 2 1
github.com/ONSdigital/blaise-cawi-portal/webserver/webserver.go:217.16,219.3 1 0
github.com/ONSdigital/blaise-cawi-portal/webserver/webserver.go:221.2,245.12 5 1
github.com/ONSdigital/blaise-cawi-portal/webserver/webserver.go:248.64,255.2 4 1
github.com/ONSdigital/blaise-cawi-portal/webserver/webserver.go:257.35,259.2 1 1
github.com/ONSdigital/blaise-cawi-portal/webserver/webserver.go:261.88,263.16 2 1
github.com/ONSdigital/blaise-cawi-portal/webserver/webserver.go:263.16,265.3 1 1
github.com/ONSdigital/blaise-cawi-portal/webserver/webserver.go:267.2,316.8 8 1
github.com/ONSdigital/blaise-cawi-portal/webserver/webserver.go:319.87,324.2 4 1
github.com/ONSdigital/blaise-cawi-portal/webserver/webserver.go:326.142,329.44 2 1
github.com/ONSdigital/blaise-cawi-portal/webserver/webserver.go:329.44,330.56 1 1
github.com/ONSdigital/blaise-cawi-portal/webserver/webserver.go:330.56,332.4 1 1
github.com/ONSdigital/blaise-cawi-portal/webserver/webserver.go:332.9,334.4 1 1
github.com/ONSdigital/blaise-cawi-portal/webserver/webserver.go:337.2,337.57 1 1
github.com/ONSdigital/blaise-cawi-portal/webserver/webserver.go:337.57,339.20 2 1
github.com/ONSdigital/blaise-cawi-portal/webserver/webserver.go:339.20,342.4 2 1
github.com/ONSdigital/blaise-cawi-portal/webserver/webserver.go:344.3,345.42 2 0
github.com/ONSdigital/blaise-cawi-portal/webserver/webserver.go:345.42,348.4 2 0
github.com/ONSdigital/blaise-cawi-portal/webserver/webserver.go:350.3,351.32 2 0
github.com/ONSdigital/blaise-cawi-portal/webserver/webserver.go:351.32,353.4 1 0
github.com/ONSdigital/blaise-cawi-portal/webserver/webserver.go:355.3,355.48 1 0
github.com/ONSdigital/blaise-cawi-portal/webserver/webserver.go:358.2,358.64 1 1
github.com/ONSdigital/blaise-cawi-portal/webserver/webserver.go:358.64,361.3 2 1
github.com/ONSdigital/blaise-cawi-portal/webserver/webserver.go:363.2,363.63 1 1
github.com/ONSdigital/blaise-cawi-portal/webserver/webserver.go:363.63,366.3 2 1
github.com/ONSdigital/blaise-cawi-portal/webserver/webserver.go:368.2,368.48 1 1
github.com/ONSdigital/blaise-cawi-portal/webserver/webserver.go:368.48,370.3 1 1
github.com/ONSdigital/blaise-cawi-portal/webserver/webserver.go:373.58,375.16 2 1
github.com/ONSdigital/blaise-cawi-portal/webserver/webserver.go:375.16,377.3 1 0
github.com/ONSdigital/blaise-cawi-portal/webserver/webserver.go:379.2,382.70 3 1
github.com/ONSdigital/blaise-cawi-portal/webserver/webserver.go:382.70,384.3 1 0
github.com/ONSdigital/blaise-cawi-portal/webserver/webserver.go:386.2,389.16 3 1
github.com/ONSdigital/blaise-cawi-portal/webserver/webserver.go:389.16,391.3 1 1
github.com/ONSdigital/blaise-cawi-portal/webserver/webserver.go:393.2,396.24 3 1
